// Jest Snapshot v1, https://goo.gl/fbAQLP

exports[`NotFoundPage matches snapshot 1`] = `
<div
  className="NotFoundPage"
>
  <header
    className="NotFoundPage-header"
  >
    <img
      alt="logo"
      className="App-logo"
      src="logo.svg"
    />
    <div>
      404
    </div>
  </header>
</div>
`;
