// Jest Snapshot v1, https://goo.gl/fbAQLP

exports[`renders correctly selection component 1`] = `"loading"`;
